[Wed May 27 20:51:23 2026] Background loaded: table.png (792x462)
[Wed May 27 20:51:25 2026] Round started
[Wed May 27 20:51:26 2026] Mode switched to: SINGLE_BOT
[Wed May 27 20:52:54 2026] Background loaded: table.png (792x462)
[Wed May 27 20:52:56 2026] Round started
[Wed May 27 20:52:57 2026] Mode switched to: SINGLE_BOT
[Wed May 27 20:52:58 2026] Mode switched to: MULTI_HOTSEAT
[Wed May 27 20:52:59 2026] Round started
[Wed May 27 20:53:02 2026] Player 1 called 0
[Wed May 27 20:53:04 2026] Player 2 called 0
[Wed May 27 20:53:05 2026] Mode switched to: SINGLE_BOT
[Wed May 27 20:53:08 2026] Round started
[Wed May 27 20:53:09 2026] Player 1 called 0
[Wed May 27 20:54:24 2026] Background loaded: table.png (792x462)
[Wed May 27 20:54:26 2026] Mode switched to: SINGLE_BOT
[Wed May 27 20:56:35 2026] Background loaded: table.png (792x462)
[Wed May 27 20:56:38 2026] Mode switched to: SINGLE_BOT
[Wed May 27 20:56:39 2026] Round started
[Wed May 27 20:56:52 2026] Player 1 called 0
[Wed May 27 20:56:52 2026] Player 1 called 0
[Wed May 27 20:56:53 2026] Player 1 called 0
[Wed May 27 20:56:54 2026] Player 1 called 0
[Wed May 27 20:56:57 2026] Round started
[Wed May 27 20:56:58 2026] Player 1 called 0
[Wed May 27 20:56:58 2026] Player 1 called 0
[Wed May 27 20:56:59 2026] Player 1 called 0
[Wed May 27 20:57:04 2026] Player 1 called 0
[Wed May 27 20:57:07 2026] Round started
[Wed May 27 20:57:08 2026] Player 1 called 0
[Wed May 27 20:57:09 2026] Player 1 called 30
[Wed May 27 20:57:09 2026] Player 1 called 0
[Wed May 27 20:57:09 2026] Player 1 called 0
[Wed May 27 20:57:10 2026] Player 1 called 40
[Wed May 27 20:57:10 2026] Player 1 called 0
[Wed May 27 20:57:11 2026] Player 1 called 40
[Wed May 27 21:01:03 2026] Background loaded: table.png (792x462)
[Wed May 27 21:02:40 2026] Mode switched to: SINGLE_BOT
[Wed May 27 21:02:42 2026] Round started
[Wed May 27 21:03:27 2026] Player 1 called 0
[Wed May 27 21:03:28 2026] Player 1 called 0
[Wed May 27 21:03:28 2026] Player 1 called 0
[Wed May 27 21:03:29 2026] Player 1 called 0
[Wed May 27 21:03:30 2026] Player 1 called 40
[Wed May 27 21:18:31 2026] Background loaded: table.png (792x462)
[Wed May 27 21:18:35 2026] Mode switched to: SINGLE_BOT
[Wed May 27 21:18:36 2026] Round started
[Wed May 27 21:18:37 2026] Player 1 called 0
[Wed May 27 21:18:37 2026] Player 1 called 0
[Wed May 27 21:18:37 2026] Player 1 called 0
[Wed May 27 21:18:38 2026] Player 1 called 0
[Wed May 27 21:18:39 2026] Player 1 called 40
[Wed May 27 21:18:43 2026] Round started
[Wed May 27 21:18:48 2026] Round started
[Wed May 27 21:18:49 2026] Player 1 called 0
[Wed May 27 21:18:51 2026] Mode switched to: SINGLE_BOT
[Wed May 27 21:18:52 2026] Mode switched to: SINGLE_BOT
[Wed May 27 21:18:53 2026] Round started
[Wed May 27 21:21:53 2026] Background loaded: table.png (792x462)
[Wed May 27 21:21:55 2026] Mode switched to: SINGLE_BOT
[Wed May 27 21:22:00 2026] Round started
[Wed May 27 21:22:01 2026] Player 1 called 0
[Wed May 27 21:22:02 2026] Player 1 called 0
[Wed May 27 21:22:02 2026] Player 1 called 0
[Wed May 27 21:22:02 2026] Player 1 called 0
[Wed May 27 21:22:06 2026] Round started
[Wed May 27 21:22:07 2026] Player 1 called 30
[Wed May 27 21:22:08 2026] Player 1 called 0
[Wed May 27 21:22:08 2026] Player 1 called 0
[Wed May 27 21:22:08 2026] Player 1 called 0
[Wed May 27 21:22:11 2026] Round started
[Wed May 27 21:22:15 2026] Player 1 called 0
[Wed May 27 21:22:17 2026] Player 1 called 30
[Wed May 27 21:22:21 2026] Player 1 raised to 990
[Wed May 27 21:22:29 2026] Round started
[Wed May 27 21:22:33 2026] Player 1 raised to 1060
[Wed May 27 21:22:38 2026] Round started
[Wed May 27 21:22:41 2026] Player 1 raised to 500
[Wed May 27 21:22:45 2026] Player 1 called 0
[Wed May 27 21:22:46 2026] Player 1 called 0
[Wed May 27 21:22:47 2026] Player 1 called 0
[Wed May 27 21:23:09 2026] Round started
[Wed May 27 21:23:12 2026] Player 1 called 30
[Wed May 27 21:23:12 2026] Player 1 called 0
[Wed May 27 21:23:15 2026] Player 1 raised to 500
[Wed May 27 21:23:20 2026] Round started
[Wed May 27 21:23:24 2026] Player 1 raised to 300
[Wed May 27 21:23:26 2026] Player 1 called 30
[Wed May 27 21:23:32 2026] Player 1 raised to 50
[Wed May 27 21:23:35 2026] Player 1 called 0
[Wed May 27 21:23:39 2026] Round started
[Thu May 28 20:20:47 2026] Background loaded: table.png (792x462)
